#
# There is insufficient memory for the Java Runtime Environment to continue.
# Native memory allocation (mmap) failed to map 264241152 bytes. Error detail: G1 virtual space
# Possible reasons:
#   The system is out of physical RAM or swap space
#   This process is running with CompressedOops enabled, and the Java Heap may be blocking the growth of the native heap
# Possible solutions:
#   Reduce memory load on the system
#   Increase physical memory or swap space
#   Check if swap backing store is full
#   Decrease Java heap size (-Xmx/-Xms)
#   Decrease number of Java threads
#   Decrease Java thread stack sizes (-Xss)
#   Set larger code cache with -XX:ReservedCodeCacheSize=
#   JVM is running with Zero Based Compressed Oops mode in which the Java heap is
#     placed in the first 32GB address space. The Java Heap base address is the
#     maximum limit for the native heap growth. Please use -XX:HeapBaseMinAddress
#     to set the Java Heap base and to place the Java Heap above 32GB virtual address.
# This output file may be truncated or incomplete.
#
#  Out of Memory Error (os_windows.cpp:3714), pid=14128, tid=25540
#
# JRE version:  (21.0.11+10) (build )
# Java VM: OpenJDK 64-Bit Server VM (21.0.11+10-LTS, mixed mode, sharing, tiered, compressed oops, compressed class ptrs, g1 gc, windows-amd64)
# No core dump will be written. Minidumps are not enabled by default on client versions of Windows
#

---------------  S U M M A R Y ------------

Command Line: -Dfile.encoding=UTF-8 -Dstdout.encoding=UTF-8 -Dstderr.encoding=UTF-8 --module-path=F:\backend\Digital_Wallet_Management_System\bin -XX:+ShowCodeDetailsInExceptionMessages -Djdk.module.main=Digital_Wallet_Management_System Digital_Wallet_Management_System/Digital_Wallet_Management_System.Menu

Host: 13th Gen Intel(R) Core(TM) i5-13420H, 12 cores, 15G,  Windows 11 , 64 bit Build 26100 (10.0.26100.9168)
Time: Sat Sep  5 13:01:33 2026 India Standard Time elapsed time: 0.017243 seconds (0d 0h 0m 0s)

---------------  T H R E A D  ---------------

Current thread (0x0000021085d5f410):  JavaThread "Unknown thread" [_thread_in_vm, id=25540, stack(0x000000700fe00000,0x000000700ff00000) (1024K)]

Stack: [0x000000700fe00000,0x000000700ff00000]
Native frames: (J=compiled Java code, j=interpreted, Vv=VM code, C=native code)
V  [jvm.dll+0x6d7e19]
V  [jvm.dll+0x8b5096]
V  [jvm.dll+0x8b764e]
V  [jvm.dll+0x8b7d33]
V  [jvm.dll+0x284596]
V  [jvm.dll+0x6d4735]
V  [jvm.dll+0x6c845a]
V  [jvm.dll+0x35ef08]
V  [jvm.dll+0x366b46]
V  [jvm.dll+0x3b7c2e]
V  [jvm.dll+0x3b7ed8]
V  [jvm.dll+0x33310c]
V  [jvm.dll+0x333c5b]
V  [jvm.dll+0x87f04b]
V  [jvm.dll+0x3c4bb1]
V  [jvm.dll+0x868295]
V  [jvm.dll+0x457c41]
V  [jvm.dll+0x459831]
C  [jli.dll+0x52dc]
C  [ucrtbase.dll+0x2cd30]
C  [KERNEL32.DLL+0x2ccb7]
C  [ntdll.dll+0xaad6c]


---------------  P R O C E S S  ---------------

Threads class SMR info:
_java_thread_list=0x00007ffcf802b1c8, length=0, elements={
}

Java Threads: ( => current thread )
Total: 0

Other Threads:
  0x0000021085dc0bc0 WorkerThread "GC Thread#0"                     [id=22268, stack(0x000000700ff00000,0x0000007010000000) (1024K)]
  0x0000021085e10bb0 ConcurrentGCThread "G1 Main Marker"            [id=21012, stack(0x0000007010000000,0x0000007010100000) (1024K)]
  0x0000021085e115d0 WorkerThread "G1 Conc#0"                       [id=22088, stack(0x0000007010100000,0x0000007010200000) (1024K)]

[error occurred during error reporting (printing all threads), id 0xc0000005, EXCEPTION_ACCESS_VIOLATION (0xc0000005) at pc=0x00007ffcf77257f7]
VM state: not at safepoint (not fully initialized)

VM Mutex/Monitor currently owned by a thread:  ([mutex/lock_event])
[0x00007ffcf809f670] Heap_lock - owner thread: 0x0000021085d5f410

Heap address: 0x0000000705c00000, size: 4004 MB, Compressed Oops mode: Zero based, Oop shift amount: 3

CDS archive(s) mapped at: [0x0000000000000000-0x0000000000000000-0x0000000000000000), size 0, SharedBaseAddress: 0x0000000800000000, ArchiveRelocationMode: 1.
Narrow klass base: 0x0000000000000000, Narrow klass shift: 0, Narrow klass range: 0x0

GC Precious Log:
 CardTable entry size: 512
 Card Set container configuration: InlinePtr #cards 4 size 8 Array Of Cards #cards 16 size 48 Howl #buckets 8 coarsen threshold 3686 Howl Bitmap #cards 512 size 80 coarsen threshold 460 Card regions per heap region 1 cards per card region 4096

Heap:
 garbage-first heap   total 0K, used 0K [0x0000000705c00000, 0x0000000800000000)
  region size 2048K, 0 young (0K), 0 survivors (0K)

[error occurred during error reporting (printing heap information), id 0xc0000005, EXCEPTION_ACCESS_VIOLATION (0xc0000005) at pc=0x00007ffcf7b11789]
GC Heap History (0 events):
No events

Dll operation events (1 events):
Event: 0.010 Loaded shared library C:\Users\sujit\.p2\pool\plugins\org.eclipse.justj.openjdk.hotspot.jre.full.win32.x86_64_21.0.11.v20260515-1531\jre\bin\java.dll

Deoptimization events (0 events):
No events

Classes loaded (0 events):
No events

Classes unloaded (0 events):
No events

Classes redefined (0 events):
No events

Internal exceptions (0 events):
No events

ZGC Phase Switch (0 events):
No events

VM Operations (0 events):
No events

Memory protections (0 events):
No events

Nmethod flushes (0 events):
No events

Events (0 events):
No events


Dynamic libraries:
0x00007ff69fa30000 - 0x00007ff69fa3e000 	C:\Users\sujit\.p2\pool\plugins\org.eclipse.justj.openjdk.hotspot.jre.full.win32.x86_64_21.0.11.v20260515-1531\jre\bin\javaw.exe
0x00007ffdb3440000 - 0x00007ffdb36a6000 	C:\windows\SYSTEM32\ntdll.dll
0x00007ffdb2710000 - 0x00007ffdb27d9000 	C:\windows\System32\KERNEL32.DLL
0x00007ffdb08a0000 - 0x00007ffdb0c9f000 	C:\windows\System32\KERNELBASE.dll
0x00007ffdb0650000 - 0x00007ffdb079c000 	C:\windows\System32\ucrtbase.dll
0x00007ffdaabf0000 - 0x00007ffdaac08000 	C:\Users\sujit\.p2\pool\plugins\org.eclipse.justj.openjdk.hotspot.jre.full.win32.x86_64_21.0.11.v20260515-1531\jre\bin\jli.dll
0x00007ffda6070000 - 0x00007ffda608e000 	C:\Users\sujit\.p2\pool\plugins\org.eclipse.justj.openjdk.hotspot.jre.full.win32.x86_64_21.0.11.v20260515-1531\jre\bin\VCRUNTIME140.dll
0x00007ffdb30c0000 - 0x00007ffdb3286000 	C:\windows\System32\USER32.dll
0x00007ffdb07b0000 - 0x00007ffdb07d7000 	C:\windows\System32\win32u.dll
0x00007ffd8f970000 - 0x00007ffd8fc01000 	C:\windows\WinSxS\amd64_microsoft.windows.common-controls_6595b64144ccf1df_6.0.26100.8972_none_3e0da176e32f9d4b\COMCTL32.dll
0x00007ffdb3290000 - 0x00007ffdb32bb000 	C:\windows\System32\GDI32.dll
0x00007ffdb0cb0000 - 0x00007ffdb0dd9000 	C:\windows\System32\gdi32full.dll
0x00007ffdb3010000 - 0x00007ffdb30b9000 	C:\windows\System32\msvcrt.dll
0x00007ffdb0de0000 - 0x00007ffdb0e83000 	C:\windows\System32\msvcp_win.dll
0x00007ffdb1960000 - 0x00007ffdb1992000 	C:\windows\System32\IMM32.DLL
0x00007ffdaab80000 - 0x00007ffdaab8c000 	C:\Users\sujit\.p2\pool\plugins\org.eclipse.justj.openjdk.hotspot.jre.full.win32.x86_64_21.0.11.v20260515-1531\jre\bin\vcruntime140_1.dll
0x00007ffd6aa90000 - 0x00007ffd6ab1d000 	C:\Users\sujit\.p2\pool\plugins\org.eclipse.justj.openjdk.hotspot.jre.full.win32.x86_64_21.0.11.v20260515-1531\jre\bin\msvcp140.dll
0x00007ffcf73e0000 - 0x00007ffcf8182000 	C:\Users\sujit\.p2\pool\plugins\org.eclipse.justj.openjdk.hotspot.jre.full.win32.x86_64_21.0.11.v20260515-1531\jre\bin\server\jvm.dll
0x00007ffdb2b40000 - 0x00007ffdb2bfc000 	C:\windows\System32\ADVAPI32.dll
0x00007ffdb2a90000 - 0x00007ffdb2b3a000 	C:\windows\System32\sechost.dll
0x00007ffdb24f0000 - 0x00007ffdb2608000 	C:\windows\System32\RPCRT4.dll
0x00007ffdb1e10000 - 0x00007ffdb1e92000 	C:\windows\System32\WS2_32.dll
0x00007ffda1be0000 - 0x00007ffda1c16000 	C:\windows\SYSTEM32\WINMM.dll
0x00007ffda6910000 - 0x00007ffda691b000 	C:\windows\SYSTEM32\VERSION.dll
0x00007ffdafd90000 - 0x00007ffdafdee000 	C:\windows\SYSTEM32\POWRPROF.dll
0x00007ffdafd70000 - 0x00007ffdafd85000 	C:\windows\SYSTEM32\UMPDC.dll
0x00007ffdaf340000 - 0x00007ffdaf35b000 	C:\windows\SYSTEM32\kernel.appcore.dll
0x00007ffdace50000 - 0x00007ffdace5a000 	C:\Users\sujit\.p2\pool\plugins\org.eclipse.justj.openjdk.hotspot.jre.full.win32.x86_64_21.0.11.v20260515-1531\jre\bin\jimage.dll
0x00007ffdada80000 - 0x00007ffdadcc2000 	C:\windows\SYSTEM32\DBGHELP.DLL
0x00007ffdb19a0000 - 0x00007ffdb1d25000 	C:\windows\System32\combase.dll
0x00007ffdb2e30000 - 0x00007ffdb2f09000 	C:\windows\System32\OLEAUT32.dll
0x00007ffd86af0000 - 0x00007ffd86b2b000 	C:\windows\SYSTEM32\dbgcore.DLL
0x00007ffdb07e0000 - 0x00007ffdb088c000 	C:\windows\System32\bcryptPrimitives.dll
0x00007ffdacdd0000 - 0x00007ffdacdf0000 	C:\Users\sujit\.p2\pool\plugins\org.eclipse.justj.openjdk.hotspot.jre.full.win32.x86_64_21.0.11.v20260515-1531\jre\bin\java.dll

JVMTI agents: none

dbghelp: loaded successfully - version: 4.0.5 - missing functions: none
symbol engine: initialized successfully - sym options: 0x614 - pdb path: .;C:\Users\sujit\.p2\pool\plugins\org.eclipse.justj.openjdk.hotspot.jre.full.win32.x86_64_21.0.11.v20260515-1531\jre\bin;C:\windows\SYSTEM32;C:\windows\WinSxS\amd64_microsoft.windows.common-controls_6595b64144ccf1df_6.0.26100.8972_none_3e0da176e32f9d4b;C:\Users\sujit\.p2\pool\plugins\org.eclipse.justj.openjdk.hotspot.jre.full.win32.x86_64_21.0.11.v20260515-1531\jre\bin\server

VM Arguments:
jvm_args: -Dfile.encoding=UTF-8 -Dstdout.encoding=UTF-8 -Dstderr.encoding=UTF-8 --module-path=F:\backend\Digital_Wallet_Management_System\bin -XX:+ShowCodeDetailsInExceptionMessages -Djdk.module.main=Digital_Wallet_Management_System 
java_command: Digital_Wallet_Management_System/Digital_Wallet_Management_System.Menu
java_class_path (initial): <not set>
Launcher Type: SUN_STANDARD

[Global flags]
     intx CICompilerCount                          = 4                                         {product} {ergonomic}
     uint ConcGCThreads                            = 3                                         {product} {ergonomic}
     uint G1ConcRefinementThreads                  = 10                                        {product} {ergonomic}
   size_t G1HeapRegionSize                         = 2097152                                   {product} {ergonomic}
    uintx GCDrainStackTargetSize                   = 64                                        {product} {ergonomic}
   size_t InitialHeapSize                          = 264241152                                 {product} {ergonomic}
   size_t MarkStackSize                            = 4194304                                   {product} {ergonomic}
   size_t MaxHeapSize                              = 4198498304                                {product} {ergonomic}
   size_t MinHeapDeltaBytes                        = 2097152                                   {product} {ergonomic}
   size_t MinHeapSize                              = 8388608                                   {product} {ergonomic}
    uintx NonNMethodCodeHeapSize                   = 5839372                                {pd product} {ergonomic}
    uintx NonProfiledCodeHeapSize                  = 122909434                              {pd product} {ergonomic}
    uintx ProfiledCodeHeapSize                     = 122909434                              {pd product} {ergonomic}
    uintx ReservedCodeCacheSize                    = 251658240                              {pd product} {ergonomic}
     bool SegmentedCodeCache                       = true                                      {product} {ergonomic}
     bool ShowCodeDetailsInExceptionMessages       = true                                   {manageable} {command line}
   size_t SoftMaxHeapSize                          = 4198498304                             {manageable} {ergonomic}
     bool UseCompressedOops                        = true                           {product lp64_product} {ergonomic}
     bool UseG1GC                                  = true                                      {product} {ergonomic}
     bool UseLargePagesIndividualAllocation        = false                                  {pd product} {ergonomic}

Logging:
Log output configuration:
 #0: stdout all=warning uptime,level,tags foldmultilines=false
 #1: stderr all=off uptime,level,tags foldmultilines=false

Release file:
<release file has not been read>
Environment Variables:
JAVA_HOME=C:\Program Files\Java\latest\jdk-21
PATH=C:/Users/sujit/.p2/pool/plugins/org.eclipse.justj.openjdk.hotspot.jre.full.win32.x86_64_21.0.11.v20260515-1531/jre/bin/server;C:/Users/sujit/.p2/pool/plugins/org.eclipse.justj.openjdk.hotspot.jre.full.win32.x86_64_21.0.11.v20260515-1531/jre/bin;C:\Program Files\NVIDIA GPU Computing Toolkit\CUDA\v12.9\bin;C:\Program Files\NVIDIA GPU Computing Toolkit\CUDA\v12.9\libnvvp;C:\windows\system32;C:\windows;C:\windows\System32\Wbem;C:\windows\System32\WindowsPowerShell\v1.0\;C:\windows\System32\OpenSSH\;C:\Program Files (x86)\NVIDIA Corporation\PhysX\Common;C:\Program Files\NVIDIA Corporation\NVIDIA NvDLISR;C:\Users\Administrator\AppData\Local\Microsoft\WindowsApps;C:\Program Files\HP\OMEN-Broadcast\Common;C:\Program Files\NVIDIA Corporation\Nsight Compute 2025.2.1\;C:\Program Files\NVIDIA Corporation\NVIDIA App\NvDLISR;C:\Users\sujit\AppData\Local\Programs\Python\Python311\;C:\Users\sujit\AppData\Local\Programs\Python\Python311\Scripts\;C:\Users\sujit\Downloads;D:\runtime\win64;D:\bin;E:\apache-maven-3.9.16-bin\apache-maven-3.9.16\bin;E:\apache-maven-3.9.16-bin\apache-maven-3.9.16\bin;C:\Program Files\Java\latest\jdk-21\bin;E:\;C:\ProgramData\chocolatey\bin;C:\Users\sujit\AppData\Local\Programs\Python\Python310\Scripts\;C:\Users\sujit\AppData\Local\Programs\Python\Python310\;C:\Users\sujit\AppData\Local\Microsoft\WindowsApps;C:\Users\sujit\AppData\Roaming\Python\Python39\Scripts;C:\Users\sujit\AppData\Local\Muse Hub\lib;C:\Users\sujit\AppData\Local\Programs\Microsoft VS Code\bin;C:\Users\sujit\AppData\Roaming\npm;C:\windows\System32;
USERNAME=sujit
OS=Windows_NT
PROCESSOR_IDENTIFIER=Intel64 Family 6 Model 186 Stepping 2, GenuineIntel
TMP=C:\Users\sujit\AppData\Local\Temp
TEMP=C:\Users\sujit\AppData\Local\Temp




Periodic native trim disabled

---------------  S Y S T E M  ---------------

OS:
 Windows 11 , 64 bit Build 26100 (10.0.26100.9168)
OS uptime: 17 days 2:29 hours
Hyper-V role detected

CPU: total 12 (initial active 12) (6 cores per cpu, 2 threads per core) family 6 model 186 stepping 2 microcode 0x6134, cx8, cmov, fxsr, ht, mmx, 3dnowpref, sse, sse2, sse3, ssse3, sse4.1, sse4.2, popcnt, lzcnt, tsc, tscinvbit, avx, avx2, aes, erms, clmul, bmi1, bmi2, adx, sha, fma, vzeroupper, clflush, clflushopt, clwb, hv, serialize, rdtscp, rdpid, fsrm, f16c, cet_ibt, cet_ss
Processor Information for processor 0
  Max Mhz: 2100, Current Mhz: 2100, Mhz Limit: 2100
Processor Information for processor 1
  Max Mhz: 2100, Current Mhz: 2100, Mhz Limit: 2100
Processor Information for processor 2
  Max Mhz: 2100, Current Mhz: 2100, Mhz Limit: 2100
Processor Information for processor 3
  Max Mhz: 2100, Current Mhz: 2100, Mhz Limit: 2100
Processor Information for processor 4
  Max Mhz: 2100, Current Mhz: 2100, Mhz Limit: 2100
Processor Information for processor 5
  Max Mhz: 2100, Current Mhz: 2100, Mhz Limit: 2100
Processor Information for processor 6
  Max Mhz: 2100, Current Mhz: 2100, Mhz Limit: 2100
Processor Information for processor 7
  Max Mhz: 2100, Current Mhz: 2100, Mhz Limit: 2100
Processor Information for processor 8
  Max Mhz: 2100, Current Mhz: 1540, Mhz Limit: 2100
Processor Information for processor 9
  Max Mhz: 2100, Current Mhz: 1540, Mhz Limit: 2100
Processor Information for processor 10
  Max Mhz: 2100, Current Mhz: 2100, Mhz Limit: 2100
Processor Information for processor 11
  Max Mhz: 2100, Current Mhz: 2100, Mhz Limit: 2100

Memory: 4k page, system-wide physical 16013M (2085M free)
TotalPageFile size 30048M (AvailPageFile size 93M)
current process WorkingSet (physical memory assigned to process): 13M, peak: 13M
current process commit charge ("private bytes"): 64M, peak: 316M

vm_info: OpenJDK 64-Bit Server VM (21.0.11+10-LTS) for windows-amd64 JRE (21.0.11+10-LTS), built on 2026-04-21T00:00:00Z by "admin" with MS VC++ 17.12 (VS2022)

END.
